.next/types/validator.ts(215,39): error TS2307: Cannot find module '../../app/api/track/route.js' or its corresponding type declarations.
domains/booking/types/booking.types.ts(21,8): error TS2307: Cannot find module '../models/booking.model' or its corresponding type declarations.
domains/booking/validators/booking.validator.ts(20,8): error TS2307: Cannot find module '../models/booking.model' or its corresponding type declarations.
domains/booking/validators/booking.validator.ts(114,10): error TS2393: Duplicate function implementation.
domains/booking/validators/booking.validator.ts(128,10): error TS2393: Duplicate function implementation.
domains/booking/validators/booking.validator.ts(377,5): error TS2304: Cannot find name 'validateAddress'.
domains/booking/validators/booking.validator.ts(383,5): error TS2304: Cannot find name 'validateAddress'.
domains/booking/validators/booking.validator.ts(389,5): error TS2304: Cannot find name 'validateContact'.
domains/booking/validators/booking.validator.ts(391,5): error TS2304: Cannot find name 'validateInventory'.
domains/booking/validators/booking.validator.ts(393,5): error TS2304: Cannot find name 'validateSchedule'.
domains/booking/validators/booking.validator.ts(685,5): error TS2304: Cannot find name 'validateAddress'.
domains/booking/validators/booking.validator.ts(691,5): error TS2304: Cannot find name 'validateAddress'.
domains/booking/validators/booking.validator.ts(697,5): error TS2304: Cannot find name 'validateContact'.
domains/booking/validators/booking.validator.ts(699,5): error TS2304: Cannot find name 'validateInventory'.
domains/booking/validators/booking.validator.ts(701,5): error TS2304: Cannot find name 'validateSchedule'.
domains/booking/validators/booking.validator.ts(753,7): error TS2304: Cannot find name 'validateContact'.
domains/booking/validators/booking.validator.ts(759,7): error TS2304: Cannot find name 'validateAddress'.
domains/booking/validators/booking.validator.ts(769,7): error TS2304: Cannot find name 'validateAddress'.
domains/booking/validators/booking.validator.ts(779,7): error TS2304: Cannot find name 'validateSchedule'.
domains/booking/validators/booking.validator.ts(785,7): error TS2304: Cannot find name 'validateInventory'.
